// Jest Snapshot v1, https://goo.gl/fbAQLP

exports[`renders without crashing 1`] = `
<View
  style={
    Object {
      "alignItems": "center",
      "backgroundColor": "#fff",
      "flex": 1,
      "justifyContent": "center",
    }
  }
>
  <Text
    accessible={true}
    allowFontScaling={true}
    disabled={false}
    ellipsizeMode="tail"
  >
    Open up App.ts to start working on your app!!!
  </Text>
  <Text
    accessible={true}
    allowFontScaling={true}
    disabled={false}
    ellipsizeMode="tail"
  >
    Changes you make will automatically reload.
  </Text>
  <Text
    accessible={true}
    allowFontScaling={true}
    disabled={false}
    ellipsizeMode="tail"
  >
    Shake your phone to open the developer menu.
  </Text>
  <Text
    accessible={true}
    allowFontScaling={false}
    disabled={false}
    ellipsizeMode="tail"
    style={
      Array [
        Object {
          "color": "#900",
          "fontSize": 30,
        },
        undefined,
        Object {
          "fontFamily": "Material Icons",
          "fontStyle": "normal",
          "fontWeight": "normal",
        },
      ]
    }
  >
    юбе
  </Text>
</View>
`;
